Archive member included to satisfy reference by file (symbol)

c:/st/stm32cubeide_1.0.0/stm32cubeide/plugins/com.st.stm32cube.ide.mcu.externaltools.gnu-tools-for-stm32.7-2018-q2-update.win32_1.0.0.201904181610/tools/bin/../lib/gcc/arm-none-eabi/7.3.1/../../../../arm-none-eabi/lib/thumb/v7-m\libc_nano.a(lib_a-errno.o)
                              Core/Src/syscalls.o (__errno)
c:/st/stm32cubeide_1.0.0/stm32cubeide/plugins/com.st.stm32cube.ide.mcu.externaltools.gnu-tools-for-stm32.7-2018-q2-update.win32_1.0.0.201904181610/tools/bin/../lib/gcc/arm-none-eabi/7.3.1/../../../../arm-none-eabi/lib/thumb/v7-m\libc_nano.a(lib_a-exit.o)
                              c:/st/stm32cubeide_1.0.0/stm32cubeide/plugins/com.st.stm32cube.ide.mcu.externaltools.gnu-tools-for-stm32.7-2018-q2-update.win32_1.0.0.201904181610/tools/bin/../lib/gcc/arm-none-eabi/7.3.1/../../../../arm-none-eabi/lib/thumb/v7-m/crt0.o (exit)
c:/st/stm32cubeide_1.0.0/stm32cubeide/plugins/com.st.stm32cube.ide.mcu.externaltools.gnu-tools-for-stm32.7-2018-q2-update.win32_1.0.0.201904181610/tools/bin/../lib/gcc/arm-none-eabi/7.3.1/../../../../arm-none-eabi/lib/thumb/v7-m\libc_nano.a(lib_a-impure.o)
                              c:/st/stm32cubeide_1.0.0/stm32cubeide/plugins/com.st.stm32cube.ide.mcu.externaltools.gnu-tools-for-stm32.7-2018-q2-update.win32_1.0.0.201904181610/tools/bin/../lib/gcc/arm-none-eabi/7.3.1/../../../../arm-none-eabi/lib/thumb/v7-m\libc_nano.a(lib_a-exit.o) (_global_impure_ptr)
c:/st/stm32cubeide_1.0.0/stm32cubeide/plugins/com.st.stm32cube.ide.mcu.externaltools.gnu-tools-for-stm32.7-2018-q2-update.win32_1.0.0.201904181610/tools/bin/../lib/gcc/arm-none-eabi/7.3.1/../../../../arm-none-eabi/lib/thumb/v7-m\libc_nano.a(lib_a-init.o)
                              c:/st/stm32cubeide_1.0.0/stm32cubeide/plugins/com.st.stm32cube.ide.mcu.externaltools.gnu-tools-for-stm32.7-2018-q2-update.win32_1.0.0.201904181610/tools/bin/../lib/gcc/arm-none-eabi/7.3.1/../../../../arm-none-eabi/lib/thumb/v7-m/crt0.o (__libc_init_array)
c:/st/stm32cubeide_1.0.0/stm32cubeide/plugins/com.st.stm32cube.ide.mcu.externaltools.gnu-tools-for-stm32.7-2018-q2-update.win32_1.0.0.201904181610/tools/bin/../lib/gcc/arm-none-eabi/7.3.1/../../../../arm-none-eabi/lib/thumb/v7-m\libc_nano.a(lib_a-memset.o)
                              c:/st/stm32cubeide_1.0.0/stm32cubeide/plugins/com.st.stm32cube.ide.mcu.externaltools.gnu-tools-for-stm32.7-2018-q2-update.win32_1.0.0.201904181610/tools/bin/../lib/gcc/arm-none-eabi/7.3.1/../../../../arm-none-eabi/lib/thumb/v7-m/crt0.o (memset)

Allocating common symbols
Common symbol       size              file

hUsbDeviceFS        0x2c4             USB_DEVICE/App/usb_device.o
uwTick              0x4               Drivers/STM32F1xx_HAL_Driver/stm32f1xx_hal.o
pFlash              0x20              Drivers/STM32F1xx_HAL_Driver/stm32f1xx_hal_flash.o
hpcd_USB_FS         0x2ec             USB_DEVICE/Target/usbd_conf.o
USBD_StrDesc        0x200             USB_DEVICE/App/usbd_desc.o

Discarded input sections

 .text          0x0000000000000000        0x0 c:/st/stm32cubeide_1.0.0/stm32cubeide/plugins/com.st.stm32cube.ide.mcu.externaltools.gnu-tools-for-stm32.7-2018-q2-update.win32_1.0.0.201904181610/tools/bin/../lib/gcc/arm-none-eabi/7.3.1/thumb/v7-m/crti.o
 .data          0x0000000000000000        0x0 c:/st/stm32cubeide_1.0.0/stm32cubeide/plugins/com.st.stm32cube.ide.mcu.externaltools.gnu-tools-for-stm32.7-2018-q2-update.win32_1.0.0.201904181610/tools/bin/../lib/gcc/arm-none-eabi/7.3.1/thumb/v7-m/crti.o
 .bss           0x0000000000000000        0x0 c:/st/stm32cubeide_1.0.0/stm32cubeide/plugins/com.st.stm32cube.ide.mcu.externaltools.gnu-tools-for-stm32.7-2018-q2-update.win32_1.0.0.201904181610/tools/bin/../lib/gcc/arm-none-eabi/7.3.1/thumb/v7-m/crti.o
 .data          0x0000000000000000        0x4 c:/st/stm32cubeide_1.0.0/stm32cubeide/plugins/com.st.stm32cube.ide.mcu.externaltools.gnu-tools-for-stm32.7-2018-q2-update.win32_1.0.0.201904181610/tools/bin/../lib/gcc/arm-none-eabi/7.3.1/thumb/v7-m/crtbegin.o
 .text          0x0000000000000000       0x74 c:/st/stm32cubeide_1.0.0/stm32cubeide/plugins/com.st.stm32cube.ide.mcu.externaltools.gnu-tools-for-stm32.7-2018-q2-update.win32_1.0.0.201904181610/tools/bin/../lib/gcc/arm-none-eabi/7.3.1/../../../../arm-none-eabi/lib/thumb/v7-m/crt0.o
 .data          0x0000000000000000        0x0 c:/st/stm32cubeide_1.0.0/stm32cubeide/plugins/com.st.stm32cube.ide.mcu.externaltools.gnu-tools-for-stm32.7-2018-q2-update.win32_1.0.0.201904181610/tools/bin/../lib/gcc/arm-none-eabi/7.3.1/../../../../arm-none-eabi/lib/thumb/v7-m/crt0.o
 .bss           0x0000000000000000        0x0 c:/st/stm32cubeide_1.0.0/stm32cubeide/plugins/com.st.stm32cube.ide.mcu.externaltools.gnu-tools-for-stm32.7-2018-q2-update.win32_1.0.0.201904181610/tools/bin/../lib/gcc/arm-none-eabi/7.3.1/../../../../arm-none-eabi/lib/thumb/v7-m/crt0.o
[...]
Memory Configuration

Name             Origin             Length             Attributes
RAM              0x0000000020000000 0x0000000000005000 xrw
FLASH            0x0000000008000000 0x0000000000010000 xr
*default*        0x0000000000000000 0xffffffffffffffff

Linker script and memory map

LOAD c:/st/stm32cubeide_1.0.0/stm32cubeide/plugins/com.st.stm32cube.ide.mcu.externaltools.gnu-tools-for-stm32.7-2018-q2-update.win32_1.0.0.201904181610/tools/bin/../lib/gcc/arm-none-eabi/7.3.1/thumb/v7-m/crti.o
LOAD c:/st/stm32cubeide_1.0.0/stm32cubeide/plugins/com.st.stm32cube.ide.mcu.externaltools.gnu-tools-for-stm32.7-2018-q2-update.win32_1.0.0.201904181610/tools/bin/../lib/gcc/arm-none-eabi/7.3.1/thumb/v7-m/crtbegin.o
LOAD c:/st/stm32cubeide_1.0.0/stm32cubeide/plugins/com.st.stm32cube.ide.mcu.externaltools.gnu-tools-for-stm32.7-2018-q2-update.win32_1.0.0.201904181610/tools/bin/../lib/gcc/arm-none-eabi/7.3.1/../../../../arm-none-eabi/lib/thumb/v7-m/crt0.o
LOAD Core/Src/main.o
LOAD Core/Src/stm32f1xx_hal_msp.o
LOAD Core/Src/stm32f1xx_it.o
LOAD Core/Src/syscalls.o
LOAD Core/Src/sysmem.o
LOAD Core/Src/system_stm32f1xx.o
LOAD Core/Startup/startup_stm32f103c8tx.o
LOAD Drivers/STM32F1xx_HAL_Driver/stm32f1xx_hal.o
LOAD Drivers/STM32F1xx_HAL_Driver/stm32f1xx_hal_cortex.o
LOAD Drivers/STM32F1xx_HAL_Driver/stm32f1xx_hal_dma.o
LOAD Drivers/STM32F1xx_HAL_Driver/stm32f1xx_hal_exti.o
LOAD Drivers/STM32F1xx_HAL_Driver/stm32f1xx_hal_flash.o
LOAD Drivers/STM32F1xx_HAL_Driver/stm32f1xx_hal_flash_ex.o
LOAD Drivers/STM32F1xx_HAL_Driver/stm32f1xx_hal_gpio.o
LOAD Drivers/STM32F1xx_HAL_Driver/stm32f1xx_hal_gpio_ex.o
LOAD Drivers/STM32F1xx_HAL_Driver/stm32f1xx_hal_pcd.o
LOAD Drivers/STM32F1xx_HAL_Driver/stm32f1xx_hal_pcd_ex.o
LOAD Drivers/STM32F1xx_HAL_Driver/stm32f1xx_hal_pwr.o
LOAD Drivers/STM32F1xx_HAL_Driver/stm32f1xx_hal_rcc.o
LOAD Drivers/STM32F1xx_HAL_Driver/stm32f1xx_hal_rcc_ex.o
LOAD Drivers/STM32F1xx_HAL_Driver/stm32f1xx_hal_tim.o
LOAD Drivers/STM32F1xx_HAL_Driver/stm32f1xx_hal_tim_ex.o
LOAD Drivers/STM32F1xx_HAL_Driver/stm32f1xx_ll_usb.o
LOAD Middlewares/USB_Device_Library/usbd_core.o
LOAD Middlewares/USB_Device_Library/usbd_ctlreq.o
LOAD Middlewares/USB_Device_Library/usbd_hid.o
LOAD Middlewares/USB_Device_Library/usbd_ioreq.o
LOAD USB_DEVICE/App/usb_device.o
LOAD USB_DEVICE/App/usbd_desc.o
LOAD USB_DEVICE/Target/usbd_conf.o
START GROUP
LOAD c:/st/stm32cubeide_1.0.0/stm32cubeide/plugins/com.st.stm32cube.ide.mcu.externaltools.gnu-tools-for-stm32.7-2018-q2-update.win32_1.0.0.201904181610/tools/bin/../lib/gcc/arm-none-eabi/7.3.1/../../../../arm-none-eabi/lib/thumb/v7-m\libc_nano.a
LOAD c:/st/stm32cubeide_1.0.0/stm32cubeide/plugins/com.st.stm32cube.ide.mcu.externaltools.gnu-tools-for-stm32.7-2018-q2-update.win32_1.0.0.201904181610/tools/bin/../lib/gcc/arm-none-eabi/7.3.1/../../../../arm-none-eabi/lib/thumb/v7-m\libm.a
END GROUP
START GROUP
LOAD c:/st/stm32cubeide_1.0.0/stm32cubeide/plugins/com.st.stm32cube.ide.mcu.externaltools.gnu-tools-for-stm32.7-2018-q2-update.win32_1.0.0.201904181610/tools/bin/../lib/gcc/arm-none-eabi/7.3.1/thumb/v7-m\libgcc.a
LOAD c:/st/stm32cubeide_1.0.0/stm32cubeide/plugins/com.st.stm32cube.ide.mcu.externaltools.gnu-tools-for-stm32.7-2018-q2-update.win32_1.0.0.201904181610/tools/bin/../lib/gcc/arm-none-eabi/7.3.1/../../../../arm-none-eabi/lib/thumb/v7-m\libc_nano.a
END GROUP
START GROUP
LOAD c:/st/stm32cubeide_1.0.0/stm32cubeide/plugins/com.st.stm32cube.ide.mcu.externaltools.gnu-tools-for-stm32.7-2018-q2-update.win32_1.0.0.201904181610/tools/bin/../lib/gcc/arm-none-eabi/7.3.1/thumb/v7-m\libgcc.a
LOAD c:/st/stm32cubeide_1.0.0/stm32cubeide/plugins/com.st.stm32cube.ide.mcu.externaltools.gnu-tools-for-stm32.7-2018-q2-update.win32_1.0.0.201904181610/tools/bin/../lib/gcc/arm-none-eabi/7.3.1/../../../../arm-none-eabi/lib/thumb/v7-m\libc_nano.a
LOAD c:/st/stm32cubeide_1.0.0/stm32cubeide/plugins/com.st.stm32cube.ide.mcu.externaltools.gnu-tools-for-stm32.7-2018-q2-update.win32_1.0.0.201904181610/tools/bin/../lib/gcc/arm-none-eabi/7.3.1/../../../../arm-none-eabi/lib/thumb/v7-m\libnosys.a
END GROUP
START GROUP
LOAD c:/st/stm32cubeide_1.0.0/stm32cubeide/plugins/com.st.stm32cube.ide.mcu.externaltools.gnu-tools-for-stm32.7-2018-q2-update.win32_1.0.0.201904181610/tools/bin/../lib/gcc/arm-none-eabi/7.3.1/thumb/v7-m\libgcc.a
LOAD c:/st/stm32cubeide_1.0.0/stm32cubeide/plugins/com.st.stm32cube.ide.mcu.externaltools.gnu-tools-for-stm32.7-2018-q2-update.win32_1.0.0.201904181610/tools/bin/../lib/gcc/arm-none-eabi/7.3.1/../../../../arm-none-eabi/lib/thumb/v7-m\libc_nano.a
LOAD c:/st/stm32cubeide_1.0.0/stm32cubeide/plugins/com.st.stm32cube.ide.mcu.externaltools.gnu-tools-for-stm32.7-2018-q2-update.win32_1.0.0.201904181610/tools/bin/../lib/gcc/arm-none-eabi/7.3.1/../../../../arm-none-eabi/lib/thumb/v7-m\libnosys.a
END GROUP
LOAD c:/st/stm32cubeide_1.0.0/stm32cubeide/plugins/com.st.stm32cube.ide.mcu.externaltools.gnu-tools-for-stm32.7-2018-q2-update.win32_1.0.0.201904181610/tools/bin/../lib/gcc/arm-none-eabi/7.3.1/thumb/v7-m/crtend.o
LOAD c:/st/stm32cubeide_1.0.0/stm32cubeide/plugins/com.st.stm32cube.ide.mcu.externaltools.gnu-tools-for-stm32.7-2018-q2-update.win32_1.0.0.201904181610/tools/bin/../lib/gcc/arm-none-eabi/7.3.1/thumb/v7-m/crtn.o
                0x0000000020005000                _estack = (ORIGIN (RAM) + LENGTH (RAM))
                0x0000000000000200                _Min_Heap_Size = 0x200
                0x0000000000000400                _Min_Stack_Size = 0x400

.isr_vector     0x0000000008000000      0x10c
                0x0000000008000000                . = ALIGN (0x4)
 *(.isr_vector)
 .isr_vector    0x0000000008000000      0x10c Core/Startup/startup_stm32f103c8tx.o
                0x0000000008000000                g_pfnVectors
                0x000000000800010c                . = ALIGN (0x4)

.text           0x000000000800010c     0x6d7c
                0x000000000800010c                . = ALIGN (0x4)
 *(.text)
 .text          0x000000000800010c       0x40 c:/st/stm32cubeide_1.0.0/stm32cubeide/plugins/com.st.stm32cube.ide.mcu.externaltools.gnu-tools-for-stm32.7-2018-q2-update.win32_1.0.0.201904181610/tools/bin/../lib/gcc/arm-none-eabi/7.3.1/thumb/v7-m/crtbegin.o
 *(.text*)
 .text.key_pressed
                0x000000000800014c       0x34 Core/Src/main.o
 .text.key_released
                0x0000000008000180       0x34 Core/Src/main.o
 .text.main     0x00000000080001b4       0xe4 Core/Src/main.o
                0x00000000080001b4                main
 .text.SystemClock_Config
                0x0000000008000298       0xb4 Core/Src/main.o
                0x0000000008000298                SystemClock_Config
 .text.MX_GPIO_Init
                0x000000000800034c       0x6c Core/Src/main.o
 .text.Error_Handler
                0x00000000080003b8        0xc Core/Src/main.o
                0x00000000080003b8                Error_Handler
 .text.HAL_MspInit
                0x00000000080003c4       0x64 Core/Src/stm32f1xx_hal_msp.o
                0x00000000080003c4                HAL_MspInit
 .text.NMI_Handler
                0x0000000008000428        0xc Core/Src/stm32f1xx_it.o
                0x0000000008000428                NMI_Handler
 .text.HardFault_Handler
                0x0000000008000434        0x6 Core/Src/stm32f1xx_it.o
                0x0000000008000434                HardFault_Handler
 .text.MemManage_Handler
                0x000000000800043a        0x6 Core/Src/stm32f1xx_it.o
                0x000000000800043a                MemManage_Handler
 .text.BusFault_Handler
                0x0000000008000440        0x6 Core/Src/stm32f1xx_it.o
                0x0000000008000440                BusFault_Handler
 .text.UsageFault_Handler
                0x0000000008000446        0x6 Core/Src/stm32f1xx_it.o
                0x0000000008000446                UsageFault_Handler
 .text.SVC_Handler
                0x000000000800044c        0xc Core/Src/stm32f1xx_it.o
                0x000000000800044c                SVC_Handler
 .text.DebugMon_Handler
                0x0000000008000458        0xc Core/Src/stm32f1xx_it.o
                0x0000000008000458                DebugMon_Handler
 .text.PendSV_Handler
                0x0000000008000464        0xc Core/Src/stm32f1xx_it.o
                0x0000000008000464                PendSV_Handler
 .text.SysTick_Handler
                0x0000000008000470        0xc Core/Src/stm32f1xx_it.o
                0x0000000008000470                SysTick_Handler
 .text.USB_LP_CAN1_RX0_IRQHandler
                0x000000000800047c       0x14 Core/Src/stm32f1xx_it.o
                0x000000000800047c                USB_LP_CAN1_RX0_IRQHandler
 .text.SystemInit
                0x0000000008000490        0xc Core/Src/system_stm32f1xx.o
                0x0000000008000490                SystemInit
 .text.Reset_Handler
                0x000000000800049c       0x48 Core/Startup/startup_stm32f103c8tx.o
                0x000000000800049c                Reset_Handler
 .text.Default_Handler
                0x00000000080004e4        0x2 Core/Startup/startup_stm32f103c8tx.o
                0x00000000080004e4                RTC_Alarm_IRQHandler
                0x00000000080004e4                EXTI2_IRQHandler
                0x00000000080004e4                TIM1_CC_IRQHandler
                0x00000000080004e4                PVD_IRQHandler
                0x00000000080004e4                EXTI3_IRQHandler
                0x00000000080004e4                EXTI0_IRQHandler
                0x00000000080004e4                I2C2_EV_IRQHandler
                0x00000000080004e4                ADC1_2_IRQHandler
                0x00000000080004e4                SPI1_IRQHandler
                0x00000000080004e4                TAMPER_IRQHandler
                0x00000000080004e4                DMA1_Channel4_IRQHandler
                0x00000000080004e4                USART3_IRQHandler
                0x00000000080004e4                RTC_IRQHandler
                0x00000000080004e4                DMA1_Channel7_IRQHandler
                0x00000000080004e4                CAN1_RX1_IRQHandler
                0x00000000080004e4                TIM4_IRQHandler
                0x00000000080004e4                I2C1_EV_IRQHandler
                0x00000000080004e4                DMA1_Channel6_IRQHandler
                0x00000000080004e4                TIM3_IRQHandler
                0x00000000080004e4                RCC_IRQHandler
                0x00000000080004e4                TIM1_TRG_COM_IRQHandler
                0x00000000080004e4                DMA1_Channel1_IRQHandler
                0x00000000080004e4                Default_Handler
                0x00000000080004e4                EXTI15_10_IRQHandler
                0x00000000080004e4                EXTI9_5_IRQHandler
                0x00000000080004e4                SPI2_IRQHandler
                0x00000000080004e4                DMA1_Channel5_IRQHandler
                0x00000000080004e4                EXTI4_IRQHandler
                0x00000000080004e4                USB_HP_CAN1_TX_IRQHandler
                0x00000000080004e4                DMA1_Channel3_IRQHandler
                0x00000000080004e4                TIM1_UP_IRQHandler
                0x00000000080004e4                WWDG_IRQHandler
                0x00000000080004e4                TIM2_IRQHandler
                0x00000000080004e4                TIM1_BRK_IRQHandler
                0x00000000080004e4                EXTI1_IRQHandler
                0x00000000080004e4                USART2_IRQHandler
                0x00000000080004e4                I2C2_ER_IRQHandler
                0x00000000080004e4                DMA1_Channel2_IRQHandler
                0x00000000080004e4                CAN1_SCE_IRQHandler
                0x00000000080004e4                FLASH_IRQHandler
                0x00000000080004e4                USART1_IRQHandler
                0x00000000080004e4                I2C1_ER_IRQHandler
                0x00000000080004e4                USBWakeUp_IRQHandler
 *fill*         0x00000000080004e6        0x2 
 .text.HAL_Init
                0x00000000080004e8       0x2c Drivers/STM32F1xx_HAL_Driver/stm32f1xx_hal.o
                0x00000000080004e8                HAL_Init
 .text.HAL_InitTick
                0x0000000008000514       0x60 Drivers/STM32F1xx_HAL_Driver/stm32f1xx_hal.o
                0x0000000008000514                HAL_InitTick
 .text.HAL_IncTick
                0x0000000008000574       0x24 Drivers/STM32F1xx_HAL_Driver/stm32f1xx_hal.o
                0x0000000008000574                HAL_IncTick
 .text.HAL_GetTick
                0x0000000008000598       0x14 Drivers/STM32F1xx_HAL_Driver/stm32f1xx_hal.o
                0x0000000008000598                HAL_GetTick
 .text.__NVIC_SetPriorityGrouping
                0x00000000080005ac       0x48 Drivers/STM32F1xx_HAL_Driver/stm32f1xx_hal_cortex.o
 .text.__NVIC_GetPriorityGrouping
                0x00000000080005f4       0x1c Drivers/STM32F1xx_HAL_Driver/stm32f1xx_hal_cortex.o
 .text.__NVIC_EnableIRQ
                0x0000000008000610       0x38 Drivers/STM32F1xx_HAL_Driver/stm32f1xx_hal_cortex.o
 .text.__NVIC_SetPriority
                0x0000000008000648       0x54 Drivers/STM32F1xx_HAL_Driver/stm32f1xx_hal_cortex.o
 .text.NVIC_EncodePriority
                0x000000000800069c       0x64 Drivers/STM32F1xx_HAL_Driver/stm32f1xx_hal_cortex.o
 .text.SysTick_Config
                0x0000000008000700       0x44 Drivers/STM32F1xx_HAL_Driver/stm32f1xx_hal_cortex.o
 .text.HAL_NVIC_SetPriorityGrouping
                0x0000000008000744       0x16 Drivers/STM32F1xx_HAL_Driver/stm32f1xx_hal_cortex.o
                0x0000000008000744                HAL_NVIC_SetPriorityGrouping
 .text.HAL_NVIC_SetPriority
                0x000000000800075a       0x38 Drivers/STM32F1xx_HAL_Driver/stm32f1xx_hal_cortex.o
                0x000000000800075a                HAL_NVIC_SetPriority
 .text.HAL_NVIC_EnableIRQ
                0x0000000008000792       0x1c Drivers/STM32F1xx_HAL_Driver/stm32f1xx_hal_cortex.o
                0x0000000008000792                HAL_NVIC_EnableIRQ
 .text.HAL_SYSTICK_Config
                0x00000000080007ae       0x18 Drivers/STM32F1xx_HAL_Driver/stm32f1xx_hal_cortex.o
                0x00000000080007ae                HAL_SYSTICK_Config
 *fill*         0x00000000080007c6        0x2 
 .text.HAL_GPIO_Init
                0x00000000080007c8      0x2b4 Drivers/STM32F1xx_HAL_Driver/stm32f1xx_hal_gpio.o
                0x00000000080007c8                HAL_GPIO_Init
 .text.HAL_GPIO_ReadPin
                0x0000000008000a7c       0x2e Drivers/STM32F1xx_HAL_Driver/stm32f1xx_hal_gpio.o
                0x0000000008000a7c                HAL_GPIO_ReadPin
 .text.HAL_PCD_Init
                0x0000000008000aaa      0x216 Drivers/STM32F1xx_HAL_Driver/stm32f1xx_hal_pcd.o
                0x0000000008000aaa                HAL_PCD_Init
 .text.HAL_PCD_Start
                0x0000000008000cc0       0x4c Drivers/STM32F1xx_HAL_Driver/stm32f1xx_hal_pcd.o
                0x0000000008000cc0                HAL_PCD_Start
 .text.HAL_PCD_IRQHandler
                0x0000000008000d0c      0x2aa Drivers/STM32F1xx_HAL_Driver/stm32f1xx_hal_pcd.o
                0x0000000008000d0c                HAL_PCD_IRQHandler
 .text.HAL_PCD_SetAddress
                0x0000000008000fb6       0x4a Drivers/STM32F1xx_HAL_Driver/stm32f1xx_hal_pcd.o
                0x0000000008000fb6                HAL_PCD_SetAddress
 .text.HAL_PCD_EP_Open
                0x0000000008001000       0xcc Drivers/STM32F1xx_HAL_Driver/stm32f1xx_hal_pcd.o
                0x0000000008001000                HAL_PCD_EP_Open
 .text.HAL_PCD_EP_Close
                0x00000000080010cc       0x90 Drivers/STM32F1xx_HAL_Driver/stm32f1xx_hal_pcd.o
                0x00000000080010cc                HAL_PCD_EP_Close
 .text.HAL_PCD_EP_Receive
                0x000000000800115c       0x7a Drivers/STM32F1xx_HAL_Driver/stm32f1xx_hal_pcd.o
                0x000000000800115c                HAL_PCD_EP_Receive
 .text.HAL_PCD_EP_Transmit
                0x00000000080011d6       0x86 Drivers/STM32F1xx_HAL_Driver/stm32f1xx_hal_pcd.o
                0x00000000080011d6                HAL_PCD_EP_Transmit
 .text.HAL_PCD_EP_SetStall
                0x000000000800125c       0xc0 Drivers/STM32F1xx_HAL_Driver/stm32f1xx_hal_pcd.o
                0x000000000800125c                HAL_PCD_EP_SetStall
 .text.HAL_PCD_EP_ClrStall
                0x000000000800131c       0xa8 Drivers/STM32F1xx_HAL_Driver/stm32f1xx_hal_pcd.o
                0x000000000800131c                HAL_PCD_EP_ClrStall
 .text.PCD_EP_ISR_Handler
                0x00000000080013c4      0x600 Drivers/STM32F1xx_HAL_Driver/stm32f1xx_hal_pcd.o
 .text.HAL_PCD_EP_DB_Receive
                0x00000000080019c4      0x21a Drivers/STM32F1xx_HAL_Driver/stm32f1xx_hal_pcd.o
 .text.HAL_PCD_EP_DB_Transmit
                0x0000000008001bde      0x79e Drivers/STM32F1xx_HAL_Driver/stm32f1xx_hal_pcd.o
 .text.HAL_PCDEx_PMAConfig
                0x000000000800237c       0x84 Drivers/STM32F1xx_HAL_Driver/stm32f1xx_hal_pcd_ex.o
                0x000000000800237c                HAL_PCDEx_PMAConfig
 .text.HAL_RCC_OscConfig
                0x0000000008002400      0x500 Drivers/STM32F1xx_HAL_Driver/stm32f1xx_hal_rcc.o
                0x0000000008002400                HAL_RCC_OscConfig
 .text.HAL_RCC_ClockConfig
                0x0000000008002900      0x1d4 Drivers/STM32F1xx_HAL_Driver/stm32f1xx_hal_rcc.o
                0x0000000008002900                HAL_RCC_ClockConfig
 .text.HAL_RCC_GetSysClockFreq
                0x0000000008002ad4       0xc4 Drivers/STM32F1xx_HAL_Driver/stm32f1xx_hal_rcc.o
                0x0000000008002ad4                HAL_RCC_GetSysClockFreq
 .text.RCC_Delay
                0x0000000008002b98       0x3c Drivers/STM32F1xx_HAL_Driver/stm32f1xx_hal_rcc.o
 .text.HAL_RCCEx_PeriphCLKConfig
                0x0000000008002bd4      0x16c Drivers/STM32F1xx_HAL_Driver/stm32f1xx_hal_rcc_ex.o
                0x0000000008002bd4                HAL_RCCEx_PeriphCLKConfig
 .text.USB_CoreInit
                0x0000000008002d40       0x20 Drivers/STM32F1xx_HAL_Driver/stm32f1xx_ll_usb.o
                0x0000000008002d40                USB_CoreInit
 .text.USB_EnableGlobalInt
                0x0000000008002d60       0x2c Drivers/STM32F1xx_HAL_Driver/stm32f1xx_ll_usb.o
                0x0000000008002d60                USB_EnableGlobalInt
 .text.USB_DisableGlobalInt
                0x0000000008002d8c       0x34 Drivers/STM32F1xx_HAL_Driver/stm32f1xx_ll_usb.o
                0x0000000008002d8c                USB_DisableGlobalInt
 .text.USB_SetCurrentMode
                0x0000000008002dc0       0x18 Drivers/STM32F1xx_HAL_Driver/stm32f1xx_ll_usb.o
                0x0000000008002dc0                USB_SetCurrentMode
 .text.USB_DevInit
                0x0000000008002dd8       0x40 Drivers/STM32F1xx_HAL_Driver/stm32f1xx_ll_usb.o
                0x0000000008002dd8                USB_DevInit
 .text.USB_ActivateEndpoint
                0x0000000008002e18      0x6d4 Drivers/STM32F1xx_HAL_Driver/stm32f1xx_ll_usb.o
                0x0000000008002e18                USB_ActivateEndpoint
 .text.USB_DeactivateEndpoint
                0x00000000080034ec      0x3d8 Drivers/STM32F1xx_HAL_Driver/stm32f1xx_ll_usb.o
                0x00000000080034ec                USB_DeactivateEndpoint
 .text.USB_EPStartXfer
                0x00000000080038c4     0x15ee Drivers/STM32F1xx_HAL_Driver/stm32f1xx_ll_usb.o
                0x00000000080038c4                USB_EPStartXfer
 .text.USB_EPSetStall
                0x0000000008004eb2       0xa0 Drivers/STM32F1xx_HAL_Driver/stm32f1xx_ll_usb.o
                0x0000000008004eb2                USB_EPSetStall
 .text.USB_EPClearStall
                0x0000000008004f52      0x15a Drivers/STM32F1xx_HAL_Driver/stm32f1xx_ll_usb.o
                0x0000000008004f52                USB_EPClearStall
 .text.USB_SetDevAddress
                0x00000000080050ac       0x26 Drivers/STM32F1xx_HAL_Driver/stm32f1xx_ll_usb.o
                0x00000000080050ac                USB_SetDevAddress
 .text.USB_DevConnect
                0x00000000080050d2       0x14 Drivers/STM32F1xx_HAL_Driver/stm32f1xx_ll_usb.o
                0x00000000080050d2                USB_DevConnect
 .text.USB_DevDisconnect
                0x00000000080050e6       0x14 Drivers/STM32F1xx_HAL_Driver/stm32f1xx_ll_usb.o
                0x00000000080050e6                USB_DevDisconnect
 .text.USB_ReadInterrupts
                0x00000000080050fa       0x1e Drivers/STM32F1xx_HAL_Driver/stm32f1xx_ll_usb.o
                0x00000000080050fa                USB_ReadInterrupts
 .text.USB_EP0_OutStart
                0x0000000008005118       0x16 Drivers/STM32F1xx_HAL_Driver/stm32f1xx_ll_usb.o
                0x0000000008005118                USB_EP0_OutStart
 .text.USB_WritePMA
                0x000000000800512e       0x88 Drivers/STM32F1xx_HAL_Driver/stm32f1xx_ll_usb.o
                0x000000000800512e                USB_WritePMA
 .text.USB_ReadPMA
                0x00000000080051b6       0x9e Drivers/STM32F1xx_HAL_Driver/stm32f1xx_ll_usb.o
                0x00000000080051b6                USB_ReadPMA
 .text.USBD_Init
                0x0000000008005254       0x56 Middlewares/USB_Device_Library/usbd_core.o
                0x0000000008005254                USBD_Init
 .text.USBD_RegisterClass
                0x00000000080052aa       0x32 Middlewares/USB_Device_Library/usbd_core.o
                0x00000000080052aa                USBD_RegisterClass
 .text.USBD_Start
                0x00000000080052dc       0x18 Middlewares/USB_Device_Library/usbd_core.o
                0x00000000080052dc                USBD_Start
 .text.USBD_RunTestMode
                0x00000000080052f4       0x14 Middlewares/USB_Device_Library/usbd_core.o
                0x00000000080052f4                USBD_RunTestMode
 .text.USBD_SetClassConfig
                0x0000000008005308       0x3e Middlewares/USB_Device_Library/usbd_core.o
                0x0000000008005308                USBD_SetClassConfig
 .text.USBD_ClrClassConfig
                0x0000000008005346       0x26 Middlewares/USB_Device_Library/usbd_core.o
                0x0000000008005346                USBD_ClrClassConfig
 .text.USBD_LL_SetupStage
                0x000000000800536c       0x96 Middlewares/USB_Device_Library/usbd_core.o
                0x000000000800536c                USBD_LL_SetupStage
 .text.USBD_LL_DataOutStage
                0x0000000008005402       0xe2 Middlewares/USB_Device_Library/usbd_core.o
                0x0000000008005402                USBD_LL_DataOutStage
 .text.USBD_LL_DataInStage
                0x00000000080054e4      0x14a Middlewares/USB_Device_Library/usbd_core.o
                0x00000000080054e4                USBD_LL_DataInStage
 .text.USBD_LL_Reset
                0x000000000800562e       0x82 Middlewares/USB_Device_Library/usbd_core.o
                0x000000000800562e                USBD_LL_Reset
 .text.USBD_LL_SetSpeed
                0x00000000080056b0       0x1e Middlewares/USB_Device_Library/usbd_core.o
                0x00000000080056b0                USBD_LL_SetSpeed
 .text.USBD_LL_Suspend
                0x00000000080056ce       0x28 Middlewares/USB_Device_Library/usbd_core.o
                0x00000000080056ce                USBD_LL_Suspend
 .text.USBD_LL_Resume
                0x00000000080056f6       0x2a Middlewares/USB_Device_Library/usbd_core.o
                0x00000000080056f6                USBD_LL_Resume
 .text.USBD_LL_SOF
                0x0000000008005720       0x34 Middlewares/USB_Device_Library/usbd_core.o
                0x0000000008005720                USBD_LL_SOF
 .text.USBD_StdDevReq
                0x0000000008005754       0xd4 Middlewares/USB_Device_Library/usbd_ctlreq.o
                0x0000000008005754                USBD_StdDevReq
 .text.USBD_StdItfReq
                0x0000000008005828       0x8c Middlewares/USB_Device_Library/usbd_ctlreq.o
                0x0000000008005828                USBD_StdItfReq
 .text.USBD_StdEPReq
                0x00000000080058b4      0x2ba Middlewares/USB_Device_Library/usbd_ctlreq.o
                0x00000000080058b4                USBD_StdEPReq
 *fill*         0x0000000008005b6e        0x2 
 .text.USBD_GetDescriptor
                0x0000000008005b70      0x2d0 Middlewares/USB_Device_Library/usbd_ctlreq.o
 .text.USBD_SetAddress
                0x0000000008005e40       0x84 Middlewares/USB_Device_Library/usbd_ctlreq.o
 .text.USBD_SetConfig
                0x0000000008005ec4      0x11c Middlewares/USB_Device_Library/usbd_ctlreq.o
 .text.USBD_GetConfig
                0x0000000008005fe0       0x68 Middlewares/USB_Device_Library/usbd_ctlreq.o
 .text.USBD_GetStatus
                0x0000000008006048       0x66 Middlewares/USB_Device_Library/usbd_ctlreq.o
 .text.USBD_SetFeature
                0x00000000080060ae       0x28 Middlewares/USB_Device_Library/usbd_ctlreq.o
 .text.USBD_ClrFeature
                0x00000000080060d6       0x42 Middlewares/USB_Device_Library/usbd_ctlreq.o
 .text.USBD_ParseSetupRequest
                0x0000000008006118       0x78 Middlewares/USB_Device_Library/usbd_ctlreq.o
                0x0000000008006118                USBD_ParseSetupRequest
 .text.USBD_CtlError
                0x0000000008006190       0x22 Middlewares/USB_Device_Library/usbd_ctlreq.o
                0x0000000008006190                USBD_CtlError
 .text.USBD_GetString
                0x00000000080061b2       0x84 Middlewares/USB_Device_Library/usbd_ctlreq.o
                0x00000000080061b2                USBD_GetString
 .text.USBD_GetLen
                0x0000000008006236       0x2e Middlewares/USB_Device_Library/usbd_ctlreq.o
 .text.USBD_HID_Init
                0x0000000008006264       0x4e Middlewares/USB_Device_Library/usbd_hid.o
 .text.USBD_HID_DeInit
                0x00000000080062b2       0x42 Middlewares/USB_Device_Library/usbd_hid.o
 .text.USBD_HID_Setup
                0x00000000080062f4      0x1fc Middlewares/USB_Device_Library/usbd_hid.o
 .text.USBD_HID_SendReport
                0x00000000080064f0       0x44 Middlewares/USB_Device_Library/usbd_hid.o
                0x00000000080064f0                USBD_HID_SendReport
 .text.USBD_HID_GetFSCfgDesc
                0x0000000008006534       0x20 Middlewares/USB_Device_Library/usbd_hid.o
 .text.USBD_HID_GetHSCfgDesc
                0x0000000008006554       0x20 Middlewares/USB_Device_Library/usbd_hid.o
 .text.USBD_HID_GetOtherSpeedCfgDesc
                0x0000000008006574       0x20 Middlewares/USB_Device_Library/usbd_hid.o
 .text.USBD_HID_DataIn
                0x0000000008006594       0x22 Middlewares/USB_Device_Library/usbd_hid.o
 *fill*         0x00000000080065b6        0x2 
 .text.USBD_HID_GetDeviceQualifierDesc
                0x00000000080065b8       0x20 Middlewares/USB_Device_Library/usbd_hid.o
 .text.USBD_CtlSendData
                0x00000000080065d8       0x38 Middlewares/USB_Device_Library/usbd_ioreq.o
                0x00000000080065d8                USBD_CtlSendData
 .text.USBD_CtlContinueSendData
                0x0000000008006610       0x24 Middlewares/USB_Device_Library/usbd_ioreq.o
                0x0000000008006610                USBD_CtlContinueSendData
 .text.USBD_CtlContinueRx
                0x0000000008006634       0x24 Middlewares/USB_Device_Library/usbd_ioreq.o
                0x0000000008006634                USBD_CtlContinueRx
 .text.USBD_CtlSendStatus
                0x0000000008006658       0x26 Middlewares/USB_Device_Library/usbd_ioreq.o
                0x0000000008006658                USBD_CtlSendStatus
 .text.USBD_CtlReceiveStatus
                0x000000000800667e       0x26 Middlewares/USB_Device_Library/usbd_ioreq.o
                0x000000000800667e                USBD_CtlReceiveStatus
 .text.MX_USB_DEVICE_Init
                0x00000000080066a4       0x4c USB_DEVICE/App/usb_device.o
                0x00000000080066a4                MX_USB_DEVICE_Init
 .text.USBD_FS_DeviceDescriptor
                0x00000000080066f0       0x24 USB_DEVICE/App/usbd_desc.o
                0x00000000080066f0                USBD_FS_DeviceDescriptor
 .text.USBD_FS_LangIDStrDescriptor
                0x0000000008006714       0x24 USB_DEVICE/App/usbd_desc.o
                0x0000000008006714                USBD_FS_LangIDStrDescriptor
 .text.USBD_FS_ProductStrDescriptor
                0x0000000008006738       0x3c USB_DEVICE/App/usbd_desc.o
                0x0000000008006738                USBD_FS_ProductStrDescriptor
 .text.USBD_FS_ManufacturerStrDescriptor
                0x0000000008006774       0x28 USB_DEVICE/App/usbd_desc.o
                0x0000000008006774                USBD_FS_ManufacturerStrDescriptor
 .text.USBD_FS_SerialStrDescriptor
                0x000000000800679c       0x24 USB_DEVICE/App/usbd_desc.o
                0x000000000800679c                USBD_FS_SerialStrDescriptor
 .text.USBD_FS_ConfigStrDescriptor
                0x00000000080067c0       0x3c USB_DEVICE/App/usbd_desc.o
                0x00000000080067c0                USBD_FS_ConfigStrDescriptor
 .text.USBD_FS_InterfaceStrDescriptor
                0x00000000080067fc       0x3c USB_DEVICE/App/usbd_desc.o
                0x00000000080067fc                USBD_FS_InterfaceStrDescriptor
 .text.Get_SerialNum
                0x0000000008006838       0x58 USB_DEVICE/App/usbd_desc.o
 .text.IntToUnicode
                0x0000000008006890       0x7a USB_DEVICE/App/usbd_desc.o
 *fill*         0x000000000800690a        0x2 
 .text.HAL_PCD_MspInit
                0x000000000800690c       0x4c USB_DEVICE/Target/usbd_conf.o
                0x000000000800690c                HAL_PCD_MspInit
 .text.HAL_PCD_SetupStageCallback
                0x0000000008006958       0x24 USB_DEVICE/Target/usbd_conf.o
                0x0000000008006958                HAL_PCD_SetupStageCallback
 .text.HAL_PCD_DataOutStageCallback
                0x000000000800697c       0x36 USB_DEVICE/Target/usbd_conf.o
                0x000000000800697c                HAL_PCD_DataOutStageCallback
 .text.HAL_PCD_DataInStageCallback
                0x00000000080069b2       0x34 USB_DEVICE/Target/usbd_conf.o
                0x00000000080069b2                HAL_PCD_DataInStageCallback
 .text.HAL_PCD_SOFCallback
                0x00000000080069e6       0x1c USB_DEVICE/Target/usbd_conf.o
                0x00000000080069e6                HAL_PCD_SOFCallback
 .text.HAL_PCD_ResetCallback
                0x0000000008006a02       0x3c USB_DEVICE/Target/usbd_conf.o
                0x0000000008006a02                HAL_PCD_ResetCallback
 *fill*         0x0000000008006a3e        0x2 
 .text.HAL_PCD_SuspendCallback
                0x0000000008006a40       0x34 USB_DEVICE/Target/usbd_conf.o
                0x0000000008006a40                HAL_PCD_SuspendCallback
 .text.HAL_PCD_ResumeCallback
                0x0000000008006a74       0x1c USB_DEVICE/Target/usbd_conf.o
                0x0000000008006a74                HAL_PCD_ResumeCallback
 .text.USBD_LL_Init
                0x0000000008006a90       0x90 USB_DEVICE/Target/usbd_conf.o
                0x0000000008006a90                USBD_LL_Init
 .text.USBD_LL_Start
                0x0000000008006b20       0x36 USB_DEVICE/Target/usbd_conf.o
                0x0000000008006b20                USBD_LL_Start
 .text.USBD_LL_OpenEP
                0x0000000008006b56       0x4c USB_DEVICE/Target/usbd_conf.o
                0x0000000008006b56                USBD_LL_OpenEP
 .text.USBD_LL_CloseEP
                0x0000000008006ba2       0x3e USB_DEVICE/Target/usbd_conf.o
                0x0000000008006ba2                USBD_LL_CloseEP
 .text.USBD_LL_StallEP
                0x0000000008006be0       0x3e USB_DEVICE/Target/usbd_conf.o
                0x0000000008006be0                USBD_LL_StallEP
 .text.USBD_LL_ClearStallEP
                0x0000000008006c1e       0x3e USB_DEVICE/Target/usbd_conf.o
                0x0000000008006c1e                USBD_LL_ClearStallEP
 .text.USBD_LL_IsStallEP
                0x0000000008006c5c       0x58 USB_DEVICE/Target/usbd_conf.o
                0x0000000008006c5c                USBD_LL_IsStallEP
 .text.USBD_LL_SetUSBAddress
                0x0000000008006cb4       0x3e USB_DEVICE/Target/usbd_conf.o
                0x0000000008006cb4                USBD_LL_SetUSBAddress
 .text.USBD_LL_Transmit
                0x0000000008006cf2       0x46 USB_DEVICE/Target/usbd_conf.o
                0x0000000008006cf2                USBD_LL_Transmit
 .text.USBD_LL_PrepareReceive
                0x0000000008006d38       0x46 USB_DEVICE/Target/usbd_conf.o
                0x0000000008006d38                USBD_LL_PrepareReceive
 *fill*         0x0000000008006d7e        0x2 
 .text.USBD_static_malloc
                0x0000000008006d80       0x18 USB_DEVICE/Target/usbd_conf.o
                0x0000000008006d80                USBD_static_malloc
 .text.USBD_static_free
                0x0000000008006d98       0x12 USB_DEVICE/Target/usbd_conf.o
                0x0000000008006d98                USBD_static_free
 .text.HAL_PCDEx_SetConnectionState
                0x0000000008006daa       0x16 USB_DEVICE/Target/usbd_conf.o
                0x0000000008006daa                HAL_PCDEx_SetConnectionState
 .text.USBD_Get_USB_Status
                0x0000000008006dc0       0x58 USB_DEVICE/Target/usbd_conf.o
 .text.__libc_init_array
                0x0000000008006e18       0x48 c:/st/stm32cubeide_1.0.0/stm32cubeide/plugins/com.st.stm32cube.ide.mcu.externaltools.gnu-tools-for-stm32.7-2018-q2-update.win32_1.0.0.201904181610/tools/bin/../lib/gcc/arm-none-eabi/7.3.1/../../../../arm-none-eabi/lib/thumb/v7-m\libc_nano.a(lib_a-init.o)
                0x0000000008006e18                __libc_init_array
 .text.memset   0x0000000008006e60       0x10 c:/st/stm32cubeide_1.0.0/stm32cubeide/plugins/com.st.stm32cube.ide.mcu.externaltools.gnu-tools-for-stm32.7-2018-q2-update.win32_1.0.0.201904181610/tools/bin/../lib/gcc/arm-none-eabi/7.3.1/../../../../arm-none-eabi/lib/thumb/v7-m\libc_nano.a(lib_a-memset.o)
                0x0000000008006e60                memset
 *(.glue_7)
 .glue_7        0x0000000008006e70        0x0 linker stubs
 *(.glue_7t)
 .glue_7t       0x0000000008006e70        0x0 linker stubs
 *(.eh_frame)
 .eh_frame      0x0000000008006e70        0x0 c:/st/stm32cubeide_1.0.0/stm32cubeide/plugins/com.st.stm32cube.ide.mcu.externaltools.gnu-tools-for-stm32.7-2018-q2-update.win32_1.0.0.201904181610/tools/bin/../lib/gcc/arm-none-eabi/7.3.1/thumb/v7-m/crtbegin.o
 *(.init)
 .init          0x0000000008006e70        0x4 c:/st/stm32cubeide_1.0.0/stm32cubeide/plugins/com.st.stm32cube.ide.mcu.externaltools.gnu-tools-for-stm32.7-2018-q2-update.win32_1.0.0.201904181610/tools/bin/../lib/gcc/arm-none-eabi/7.3.1/thumb/v7-m/crti.o
                0x0000000008006e70                _init
 .init          0x0000000008006e74        0x8 c:/st/stm32cubeide_1.0.0/stm32cubeide/plugins/com.st.stm32cube.ide.mcu.externaltools.gnu-tools-for-stm32.7-2018-q2-update.win32_1.0.0.201904181610/tools/bin/../lib/gcc/arm-none-eabi/7.3.1/thumb/v7-m/crtn.o
 *(.fini)
 .fini          0x0000000008006e7c        0x4 c:/st/stm32cubeide_1.0.0/stm32cubeide/plugins/com.st.stm32cube.ide.mcu.externaltools.gnu-tools-for-stm32.7-2018-q2-update.win32_1.0.0.201904181610/tools/bin/../lib/gcc/arm-none-eabi/7.3.1/thumb/v7-m/crti.o
                0x0000000008006e7c                _fini
 .fini          0x0000000008006e80        0x8 c:/st/stm32cubeide_1.0.0/stm32cubeide/plugins/com.st.stm32cube.ide.mcu.externaltools.gnu-tools-for-stm32.7-2018-q2-update.win32_1.0.0.201904181610/tools/bin/../lib/gcc/arm-none-eabi/7.3.1/thumb/v7-m/crtn.o
                0x0000000008006e88                . = ALIGN (0x4)
                0x0000000008006e88                _etext = .

.vfp11_veneer   0x0000000008006e88        0x0
 .vfp11_veneer  0x0000000008006e88        0x0 linker stubs

.v4_bx          0x0000000008006e88        0x0
 .v4_bx         0x0000000008006e88        0x0 linker stubs

.iplt           0x0000000008006e88        0x0
 .iplt          0x0000000008006e88        0x0 c:/st/stm32cubeide_1.0.0/stm32cubeide/plugins/com.st.stm32cube.ide.mcu.externaltools.gnu-tools-for-stm32.7-2018-q2-update.win32_1.0.0.201904181610/tools/bin/../lib/gcc/arm-none-eabi/7.3.1/thumb/v7-m/crtbegin.o

.rodata         0x0000000008006e88       0x60
                0x0000000008006e88                . = ALIGN (0x4)
 *(.rodata)
 .rodata        0x0000000008006e88       0x12 Drivers/STM32F1xx_HAL_Driver/stm32f1xx_hal_rcc.o
 *fill*         0x0000000008006e9a        0x2 
 .rodata        0x0000000008006e9c       0x3a USB_DEVICE/App/usbd_desc.o
 *(.rodata*)
 *fill*         0x0000000008006ed6        0x2 
 .rodata.AHBPrescTable
                0x0000000008006ed8       0x10 Core/Src/system_stm32f1xx.o
                0x0000000008006ed8                AHBPrescTable
                0x0000000008006ee8                . = ALIGN (0x4)

.rel.dyn        0x0000000008006ee8        0x0
 .rel.iplt      0x0000000008006ee8        0x0 c:/st/stm32cubeide_1.0.0/stm32cubeide/plugins/com.st.stm32cube.ide.mcu.externaltools.gnu-tools-for-stm32.7-2018-q2-update.win32_1.0.0.201904181610/tools/bin/../lib/gcc/arm-none-eabi/7.3.1/thumb/v7-m/crtbegin.o

.ARM.extab      0x0000000008006ee8        0x0
                0x0000000008006ee8                . = ALIGN (0x4)
 *(.ARM.extab* .gnu.linkonce.armextab.*)
                0x0000000008006ee8                . = ALIGN (0x4)

.ARM            0x0000000008006ee8        0x0
                0x0000000008006ee8                . = ALIGN (0x4)
                0x0000000008006ee8                __exidx_start = .
 *(.ARM.exidx*)
                0x0000000008006ee8                __exidx_end = .
                0x0000000008006ee8                . = ALIGN (0x4)

.preinit_array  0x0000000008006ee8        0x0
                0x0000000008006ee8                . = ALIGN (0x4)
                0x0000000008006ee8                PROVIDE (__preinit_array_start = .)
 *(.preinit_array*)
                0x0000000008006ee8                PROVIDE (__preinit_array_end = .)
                0x0000000008006ee8                . = ALIGN (0x4)

.init_array     0x0000000008006ee8        0x4
                0x0000000008006ee8                . = ALIGN (0x4)
                0x0000000008006ee8                PROVIDE (__init_array_start = .)
 *(SORT_BY_NAME(.init_array.*))
 *(.init_array*)
 .init_array    0x0000000008006ee8        0x4 c:/st/stm32cubeide_1.0.0/stm32cubeide/plugins/com.st.stm32cube.ide.mcu.externaltools.gnu-tools-for-stm32.7-2018-q2-update.win32_1.0.0.201904181610/tools/bin/../lib/gcc/arm-none-eabi/7.3.1/thumb/v7-m/crtbegin.o
                0x0000000008006eec                PROVIDE (__init_array_end = .)
                0x0000000008006eec                . = ALIGN (0x4)

.fini_array     0x0000000008006eec        0x4
                0x0000000008006eec                . = ALIGN (0x4)
                [!provide]                        PROVIDE (__fini_array_start = .)
 *(SORT_BY_NAME(.fini_array.*))
 *(.fini_array*)
 .fini_array    0x0000000008006eec        0x4 c:/st/stm32cubeide_1.0.0/stm32cubeide/plugins/com.st.stm32cube.ide.mcu.externaltools.gnu-tools-for-stm32.7-2018-q2-update.win32_1.0.0.201904181610/tools/bin/../lib/gcc/arm-none-eabi/7.3.1/thumb/v7-m/crtbegin.o
                [!provide]                        PROVIDE (__fini_array_end = .)
                0x0000000008006ef0                . = ALIGN (0x4)
                0x0000000008006ef0                _sidata = LOADADDR (.data)

.data           0x0000000020000000      0x158 load address 0x0000000008006ef0
                0x0000000020000000                . = ALIGN (0x4)
                0x0000000020000000                _sdata = .
 *(.data)
 *(.data*)
 .data.SystemCoreClock
                0x0000000020000000        0x4 Core/Src/system_stm32f1xx.o
                0x0000000020000000                SystemCoreClock
 .data.uwTickPrio
                0x0000000020000004        0x4 Drivers/STM32F1xx_HAL_Driver/stm32f1xx_hal.o
                0x0000000020000004                uwTickPrio
 .data.uwTickFreq
                0x0000000020000008        0x1 Drivers/STM32F1xx_HAL_Driver/stm32f1xx_hal.o
                0x0000000020000008                uwTickFreq
 *fill*         0x0000000020000009        0x3 
 .data.USBD_HID
                0x000000002000000c       0x38 Middlewares/USB_Device_Library/usbd_hid.o
                0x000000002000000c                USBD_HID
 .data.USBD_HID_CfgFSDesc
                0x0000000020000044       0x22 Middlewares/USB_Device_Library/usbd_hid.o
 *fill*         0x0000000020000066        0x2 
 .data.USBD_HID_CfgHSDesc
                0x0000000020000068       0x22 Middlewares/USB_Device_Library/usbd_hid.o
 *fill*         0x000000002000008a        0x2 
 .data.USBD_HID_OtherSpeedCfgDesc
                0x000000002000008c       0x22 Middlewares/USB_Device_Library/usbd_hid.o
 *fill*         0x00000000200000ae        0x2 
 .data.USBD_HID_Desc
                0x00000000200000b0        0x9 Middlewares/USB_Device_Library/usbd_hid.o
 *fill*         0x00000000200000b9        0x3 
 .data.USBD_HID_DeviceQualifierDesc
                0x00000000200000bc        0xa Middlewares/USB_Device_Library/usbd_hid.o
 *fill*         0x00000000200000c6        0x2 
 .data.HID_MOUSE_ReportDesc
                0x00000000200000c8       0x3f Middlewares/USB_Device_Library/usbd_hid.o
 *fill*         0x0000000020000107        0x1 
 .data.FS_Desc  0x0000000020000108       0x1c USB_DEVICE/App/usbd_desc.o
                0x0000000020000108                FS_Desc
 .data.USBD_FS_DeviceDesc
                0x0000000020000124       0x12 USB_DEVICE/App/usbd_desc.o
                0x0000000020000124                USBD_FS_DeviceDesc
 *fill*         0x0000000020000136        0x2 
 .data.USBD_LangIDDesc
                0x0000000020000138        0x4 USB_DEVICE/App/usbd_desc.o
                0x0000000020000138                USBD_LangIDDesc
 .data.USBD_StringSerial
                0x000000002000013c       0x1a USB_DEVICE/App/usbd_desc.o
                0x000000002000013c                USBD_StringSerial
                0x0000000020000158                . = ALIGN (0x4)
 *fill*         0x0000000020000156        0x2 
                0x0000000020000158                _edata = .

.igot.plt       0x0000000020000158        0x0 load address 0x0000000008007048
 .igot.plt      0x0000000020000158        0x0 c:/st/stm32cubeide_1.0.0/stm32cubeide/plugins/com.st.stm32cube.ide.mcu.externaltools.gnu-tools-for-stm32.7-2018-q2-update.win32_1.0.0.201904181610/tools/bin/../lib/gcc/arm-none-eabi/7.3.1/thumb/v7-m/crtbegin.o
                0x0000000020000158                . = ALIGN (0x4)

.bss            0x0000000020000158      0x7f0 load address 0x0000000008007048
                0x0000000020000158                _sbss = .
                0x0000000020000158                __bss_start__ = _sbss
 *(.bss)
 .bss           0x0000000020000158       0x1c c:/st/stm32cubeide_1.0.0/stm32cubeide/plugins/com.st.stm32cube.ide.mcu.externaltools.gnu-tools-for-stm32.7-2018-q2-update.win32_1.0.0.201904181610/tools/bin/../lib/gcc/arm-none-eabi/7.3.1/thumb/v7-m/crtbegin.o
 *(.bss*)
 .bss.keyboardhid
                0x0000000020000174        0x8 Core/Src/main.o
                0x0000000020000174                keyboardhid
 .bss.cfgidx.7639
                0x000000002000017c        0x1 Middlewares/USB_Device_Library/usbd_ctlreq.o
 *fill*         0x000000002000017d        0x3 
 .bss.mem.7676  0x0000000020000180       0x14 USB_DEVICE/Target/usbd_conf.o
 *(COMMON)
 COMMON         0x0000000020000194        0x4 Drivers/STM32F1xx_HAL_Driver/stm32f1xx_hal.o
                0x0000000020000194                uwTick
 COMMON         0x0000000020000198      0x2c4 USB_DEVICE/App/usb_device.o
                0x0000000020000198                hUsbDeviceFS
 COMMON         0x000000002000045c      0x200 USB_DEVICE/App/usbd_desc.o
                0x000000002000045c                USBD_StrDesc
 COMMON         0x000000002000065c      0x2ec USB_DEVICE/Target/usbd_conf.o
                0x000000002000065c                hpcd_USB_FS
                0x0000000020000948                . = ALIGN (0x4)
                0x0000000020000948                _ebss = .
                0x0000000020000948                __bss_end__ = _ebss

._user_heap_stack
                0x0000000020000948      0x600 load address 0x0000000008007048
                0x0000000020000948                . = ALIGN (0x8)
                0x0000000020000948                PROVIDE (end = .)
                [!provide]                        PROVIDE (_end = .)
                0x0000000020000b48                . = (. + _Min_Heap_Size)
 *fill*         0x0000000020000948      0x200 
                0x0000000020000f48                . = (. + _Min_Stack_Size)
 *fill*         0x0000000020000b48      0x400 
                0x0000000020000f48                . = ALIGN (0x8)

/DISCARD/
 libc.a(*)
 libm.a(*)
 libgcc.a(*)

.ARM.attributes
                0x0000000000000000       0x29
 *(.ARM.attributes)
 .ARM.attributes
                0x0000000000000000       0x1d c:/st/stm32cubeide_1.0.0/stm32cubeide/plugins/com.st.stm32cube.ide.mcu.externaltools.gnu-tools-for-stm32.7-2018-q2-update.win32_1.0.0.201904181610/tools/bin/../lib/gcc/arm-none-eabi/7.3.1/thumb/v7-m/crti.o
 .ARM.attributes
                0x000000000000001d       0x2d c:/st/stm32cubeide_1.0.0/stm32cubeide/plugins/com.st.stm32cube.ide.mcu.externaltools.gnu-tools-for-stm32.7-2018-q2-update.win32_1.0.0.201904181610/tools/bin/../lib/gcc/arm-none-eabi/7.3.1/thumb/v7-m/crtbegin.o
 .ARM.attributes
                0x000000000000004a       0x33 Core/Src/main.o
 .ARM.attributes
                0x000000000000007d       0x33 Core/Src/stm32f1xx_hal_msp.o
 .ARM.attributes
                0x00000000000000b0       0x33 Core/Src/stm32f1xx_it.o
 .ARM.attributes
                0x00000000000000e3       0x33 Core/Src/system_stm32f1xx.o
 .ARM.attributes
                0x0000000000000116       0x21 Core/Startup/startup_stm32f103c8tx.o
 .ARM.attributes
                0x0000000000000137       0x33 Drivers/STM32F1xx_HAL_Driver/stm32f1xx_hal.o
 .ARM.attributes
                0x000000000000016a       0x33 Drivers/STM32F1xx_HAL_Driver/stm32f1xx_hal_cortex.o
 .ARM.attributes
                0x000000000000019d       0x33 Drivers/STM32F1xx_HAL_Driver/stm32f1xx_hal_gpio.o
 .ARM.attributes
                0x00000000000001d0       0x33 Drivers/STM32F1xx_HAL_Driver/stm32f1xx_hal_pcd.o
 .ARM.attributes
                0x0000000000000203       0x33 Drivers/STM32F1xx_HAL_Driver/stm32f1xx_hal_pcd_ex.o
 .ARM.attributes
                0x0000000000000236       0x33 Drivers/STM32F1xx_HAL_Driver/stm32f1xx_hal_rcc.o
 .ARM.attributes
                0x0000000000000269       0x33 Drivers/STM32F1xx_HAL_Driver/stm32f1xx_hal_rcc_ex.o
 .ARM.attributes
                0x000000000000029c       0x33 Drivers/STM32F1xx_HAL_Driver/stm32f1xx_ll_usb.o
 .ARM.attributes
                0x00000000000002cf       0x33 Middlewares/USB_Device_Library/usbd_core.o
 .ARM.attributes
                0x0000000000000302       0x33 Middlewares/USB_Device_Library/usbd_ctlreq.o
 .ARM.attributes
                0x0000000000000335       0x33 Middlewares/USB_Device_Library/usbd_hid.o
 .ARM.attributes
                0x0000000000000368       0x33 Middlewares/USB_Device_Library/usbd_ioreq.o
 .ARM.attributes
                0x000000000000039b       0x33 USB_DEVICE/App/usb_device.o
 .ARM.attributes
                0x00000000000003ce       0x33 USB_DEVICE/App/usbd_desc.o
 .ARM.attributes
                0x0000000000000401       0x33 USB_DEVICE/Target/usbd_conf.o
 .ARM.attributes
                0x0000000000000434       0x2d c:/st/stm32cubeide_1.0.0/stm32cubeide/plugins/com.st.stm32cube.ide.mcu.externaltools.gnu-tools-for-stm32.7-2018-q2-update.win32_1.0.0.201904181610/tools/bin/../lib/gcc/arm-none-eabi/7.3.1/../../../../arm-none-eabi/lib/thumb/v7-m\libc_nano.a(lib_a-init.o)
 .ARM.attributes
                0x0000000000000461       0x2d c:/st/stm32cubeide_1.0.0/stm32cubeide/plugins/com.st.stm32cube.ide.mcu.externaltools.gnu-tools-for-stm32.7-2018-q2-update.win32_1.0.0.201904181610/tools/bin/../lib/gcc/arm-none-eabi/7.3.1/../../../../arm-none-eabi/lib/thumb/v7-m\libc_nano.a(lib_a-memset.o)
 .ARM.attributes
                0x000000000000048e       0x1d c:/st/stm32cubeide_1.0.0/stm32cubeide/plugins/com.st.stm32cube.ide.mcu.externaltools.gnu-tools-for-stm32.7-2018-q2-update.win32_1.0.0.201904181610/tools/bin/../lib/gcc/arm-none-eabi/7.3.1/thumb/v7-m/crtn.o
OUTPUT(KEYPAD32.elf elf32-littlearm)

.debug_info     0x0000000000000000     0xf3ed
 .debug_info    0x0000000000000000     0x1227 Core/Src/main.o
 .debug_info    0x0000000000001227      0x2d6 Core/Src/stm32f1xx_hal_msp.o
 .debug_info    0x00000000000014fd      0x6a8 Core/Src/stm32f1xx_it.o
 .debug_info    0x0000000000001ba5      0x29a Core/Src/system_stm32f1xx.o
 .debug_info    0x0000000000001e3f       0x22 Core/Startup/startup_stm32f103c8tx.o
 .debug_info    0x0000000000001e61      0x714 Drivers/STM32F1xx_HAL_Driver/stm32f1xx_hal.o
 .debug_info    0x0000000000002575      0xb51 Drivers/STM32F1xx_HAL_Driver/stm32f1xx_hal_cortex.o
 .debug_info    0x00000000000030c6      0x69b Drivers/STM32F1xx_HAL_Driver/stm32f1xx_hal_gpio.o
 .debug_info    0x0000000000003761     0x13f3 Drivers/STM32F1xx_HAL_Driver/stm32f1xx_hal_pcd.o
 .debug_info    0x0000000000004b54      0x787 Drivers/STM32F1xx_HAL_Driver/stm32f1xx_hal_pcd_ex.o
 .debug_info    0x00000000000052db      0x80f Drivers/STM32F1xx_HAL_Driver/stm32f1xx_hal_rcc.o
 .debug_info    0x0000000000005aea      0x444 Drivers/STM32F1xx_HAL_Driver/stm32f1xx_hal_rcc_ex.o
 .debug_info    0x0000000000005f2e     0x18b3 Drivers/STM32F1xx_HAL_Driver/stm32f1xx_ll_usb.o
 .debug_info    0x00000000000077e1     0x11d2 Middlewares/USB_Device_Library/usbd_core.o
 .debug_info    0x00000000000089b3     0x1142 Middlewares/USB_Device_Library/usbd_ctlreq.o
 .debug_info    0x0000000000009af5     0x113a Middlewares/USB_Device_Library/usbd_hid.o
 .debug_info    0x000000000000ac2f      0xf33 Middlewares/USB_Device_Library/usbd_ioreq.o
 .debug_info    0x000000000000bb62      0xdc8 USB_DEVICE/App/usb_device.o
 .debug_info    0x000000000000c92a      0xd17 USB_DEVICE/App/usbd_desc.o
 .debug_info    0x000000000000d641     0x1dac USB_DEVICE/Target/usbd_conf.o

.debug_abbrev   0x0000000000000000     0x2699
 .debug_abbrev  0x0000000000000000      0x292 Core/Src/main.o
 .debug_abbrev  0x0000000000000292      0x109 Core/Src/stm32f1xx_hal_msp.o
 .debug_abbrev  0x000000000000039b      0x155 Core/Src/stm32f1xx_it.o
 .debug_abbrev  0x00000000000004f0      0x134 Core/Src/system_stm32f1xx.o
 .debug_abbrev  0x0000000000000624       0x12 Core/Startup/startup_stm32f103c8tx.o
 .debug_abbrev  0x0000000000000636      0x1c7 Drivers/STM32F1xx_HAL_Driver/stm32f1xx_hal.o
 .debug_abbrev  0x00000000000007fd      0x2d5 Drivers/STM32F1xx_HAL_Driver/stm32f1xx_hal_cortex.o
 .debug_abbrev  0x0000000000000ad2      0x1c0 Drivers/STM32F1xx_HAL_Driver/stm32f1xx_hal_gpio.o
 .debug_abbrev  0x0000000000000c92      0x268 Drivers/STM32F1xx_HAL_Driver/stm32f1xx_hal_pcd.o
 .debug_abbrev  0x0000000000000efa      0x188 Drivers/STM32F1xx_HAL_Driver/stm32f1xx_hal_pcd_ex.o
 .debug_abbrev  0x0000000000001082      0x243 Drivers/STM32F1xx_HAL_Driver/stm32f1xx_hal_rcc.o
 .debug_abbrev  0x00000000000012c5      0x175 Drivers/STM32F1xx_HAL_Driver/stm32f1xx_hal_rcc_ex.o
 .debug_abbrev  0x000000000000143a      0x1d2 Drivers/STM32F1xx_HAL_Driver/stm32f1xx_ll_usb.o
 .debug_abbrev  0x000000000000160c      0x270 Middlewares/USB_Device_Library/usbd_core.o
 .debug_abbrev  0x000000000000187c      0x2a0 Middlewares/USB_Device_Library/usbd_ctlreq.o
 .debug_abbrev  0x0000000000001b1c      0x27d Middlewares/USB_Device_Library/usbd_hid.o
 .debug_abbrev  0x0000000000001d99      0x1e0 Middlewares/USB_Device_Library/usbd_ioreq.o
 .debug_abbrev  0x0000000000001f79      0x1b5 USB_DEVICE/App/usb_device.o
 .debug_abbrev  0x000000000000212e      0x290 USB_DEVICE/App/usbd_desc.o
 .debug_abbrev  0x00000000000023be      0x2db USB_DEVICE/Target/usbd_conf.o

.debug_aranges  0x0000000000000000      0xa08
 .debug_aranges
                0x0000000000000000       0x48 Core/Src/main.o
 .debug_aranges
                0x0000000000000048       0x20 Core/Src/stm32f1xx_hal_msp.o
 .debug_aranges
                0x0000000000000068       0x68 Core/Src/stm32f1xx_it.o
 .debug_aranges
                0x00000000000000d0       0x28 Core/Src/system_stm32f1xx.o
 .debug_aranges
                0x00000000000000f8       0x28 Core/Startup/startup_stm32f103c8tx.o
 .debug_aranges
                0x0000000000000120       0xe0 Drivers/STM32F1xx_HAL_Driver/stm32f1xx_hal.o
 .debug_aranges
                0x0000000000000200      0x100 Drivers/STM32F1xx_HAL_Driver/stm32f1xx_hal_cortex.o
 .debug_aranges
                0x0000000000000300       0x58 Drivers/STM32F1xx_HAL_Driver/stm32f1xx_hal_gpio.o
 .debug_aranges
                0x0000000000000358      0x138 Drivers/STM32F1xx_HAL_Driver/stm32f1xx_hal_pcd.o
 .debug_aranges
                0x0000000000000490       0x38 Drivers/STM32F1xx_HAL_Driver/stm32f1xx_hal_pcd_ex.o
 .debug_aranges
                0x00000000000004c8       0x90 Drivers/STM32F1xx_HAL_Driver/stm32f1xx_hal_rcc.o
 .debug_aranges
                0x0000000000000558       0x30 Drivers/STM32F1xx_HAL_Driver/stm32f1xx_hal_rcc_ex.o
 .debug_aranges
                0x0000000000000588       0xf0 Drivers/STM32F1xx_HAL_Driver/stm32f1xx_ll_usb.o
 .debug_aranges
                0x0000000000000678       0xb8 Middlewares/USB_Device_Library/usbd_core.o
 .debug_aranges
                0x0000000000000730       0x88 Middlewares/USB_Device_Library/usbd_ctlreq.o
 .debug_aranges
                0x00000000000007b8       0x68 Middlewares/USB_Device_Library/usbd_hid.o
 .debug_aranges
                0x0000000000000820       0x50 Middlewares/USB_Device_Library/usbd_ioreq.o
 .debug_aranges
                0x0000000000000870       0x20 USB_DEVICE/App/usb_device.o
 .debug_aranges
                0x0000000000000890       0x60 USB_DEVICE/App/usbd_desc.o
 .debug_aranges
                0x00000000000008f0      0x118 USB_DEVICE/Target/usbd_conf.o

.debug_ranges   0x0000000000000000      0x8d0
 .debug_ranges  0x0000000000000000       0x38 Core/Src/main.o
 .debug_ranges  0x0000000000000038       0x10 Core/Src/stm32f1xx_hal_msp.o
 .debug_ranges  0x0000000000000048       0x58 Core/Src/stm32f1xx_it.o
 .debug_ranges  0x00000000000000a0       0x18 Core/Src/system_stm32f1xx.o
 .debug_ranges  0x00000000000000b8       0x20 Core/Startup/startup_stm32f103c8tx.o
 .debug_ranges  0x00000000000000d8       0xd0 Drivers/STM32F1xx_HAL_Driver/stm32f1xx_hal.o
 .debug_ranges  0x00000000000001a8       0xf0 Drivers/STM32F1xx_HAL_Driver/stm32f1xx_hal_cortex.o
 .debug_ranges  0x0000000000000298       0x48 Drivers/STM32F1xx_HAL_Driver/stm32f1xx_hal_gpio.o
 .debug_ranges  0x00000000000002e0      0x128 Drivers/STM32F1xx_HAL_Driver/stm32f1xx_hal_pcd.o
 .debug_ranges  0x0000000000000408       0x28 Drivers/STM32F1xx_HAL_Driver/stm32f1xx_hal_pcd_ex.o
 .debug_ranges  0x0000000000000430       0x80 Drivers/STM32F1xx_HAL_Driver/stm32f1xx_hal_rcc.o
 .debug_ranges  0x00000000000004b0       0x20 Drivers/STM32F1xx_HAL_Driver/stm32f1xx_hal_rcc_ex.o
 .debug_ranges  0x00000000000004d0       0xe0 Drivers/STM32F1xx_HAL_Driver/stm32f1xx_ll_usb.o
 .debug_ranges  0x00000000000005b0       0xa8 Middlewares/USB_Device_Library/usbd_core.o
 .debug_ranges  0x0000000000000658       0x78 Middlewares/USB_Device_Library/usbd_ctlreq.o
 .debug_ranges  0x00000000000006d0       0x58 Middlewares/USB_Device_Library/usbd_hid.o
 .debug_ranges  0x0000000000000728       0x40 Middlewares/USB_Device_Library/usbd_ioreq.o
 .debug_ranges  0x0000000000000768       0x10 USB_DEVICE/App/usb_device.o
 .debug_ranges  0x0000000000000778       0x50 USB_DEVICE/App/usbd_desc.o
 .debug_ranges  0x00000000000007c8      0x108 USB_DEVICE/Target/usbd_conf.o

.debug_macro    0x0000000000000000    0x19258
 .debug_macro   0x0000000000000000      0x3d4 Core/Src/main.o
 .debug_macro   0x00000000000003d4      0xa5a Core/Src/main.o
 .debug_macro   0x0000000000000e2e      0x215 Core/Src/main.o
 .debug_macro   0x0000000000001043       0x2e Core/Src/main.o
 .debug_macro   0x0000000000001071       0x22 Core/Src/main.o
 .debug_macro   0x0000000000001093       0x22 Core/Src/main.o
 .debug_macro   0x00000000000010b5       0x8e Core/Src/main.o
 .debug_macro   0x0000000000001143       0x51 Core/Src/main.o
 .debug_macro   0x0000000000001194       0xef Core/Src/main.o
 .debug_macro   0x0000000000001283       0x6a Core/Src/main.o
 .debug_macro   0x00000000000012ed      0x1df Core/Src/main.o
 .debug_macro   0x00000000000014cc       0x1c Core/Src/main.o
 .debug_macro   0x00000000000014e8       0x22 Core/Src/main.o
 .debug_macro   0x000000000000150a       0xc3 Core/Src/main.o
 .debug_macro   0x00000000000015cd      0xd23 Core/Src/main.o
 .debug_macro   0x00000000000022f0     0xe09e Core/Src/main.o
 .debug_macro   0x000000000001038e       0x6d Core/Src/main.o
 .debug_macro   0x00000000000103fb     0x3468 Core/Src/main.o
 .debug_macro   0x0000000000013863      0x174 Core/Src/main.o
 .debug_macro   0x00000000000139d7       0x5c Core/Src/main.o
 .debug_macro   0x0000000000013a33      0x5be Core/Src/main.o
 .debug_macro   0x0000000000013ff1      0x289 Core/Src/main.o
 .debug_macro   0x000000000001427a      0x1cb Core/Src/main.o
 .debug_macro   0x0000000000014445      0x114 Core/Src/main.o
 .debug_macro   0x0000000000014559      0x1b2 Core/Src/main.o
 .debug_macro   0x000000000001470b       0x27 Core/Src/main.o
 .debug_macro   0x0000000000014732      0x136 Core/Src/main.o
 .debug_macro   0x0000000000014868      0x1bc Core/Src/main.o
 .debug_macro   0x0000000000014a24       0x34 Core/Src/main.o
 .debug_macro   0x0000000000014a58       0x3c Core/Src/main.o
 .debug_macro   0x0000000000014a94       0x57 Core/Src/main.o
 .debug_macro   0x0000000000014aeb       0x88 Core/Src/main.o
 .debug_macro   0x0000000000014b73      0x241 Core/Src/main.o
 .debug_macro   0x0000000000014db4      0x141 Core/Src/main.o
 .debug_macro   0x0000000000014ef5       0x65 Core/Src/main.o
 .debug_macro   0x0000000000014f5a      0x249 Core/Src/main.o
 .debug_macro   0x00000000000151a3       0x83 Core/Src/main.o
 .debug_macro   0x0000000000015226       0x4c Core/Src/main.o
 .debug_macro   0x0000000000015272       0x46 Core/Src/main.o
 .debug_macro   0x00000000000152b8       0x18 Core/Src/main.o
 .debug_macro   0x00000000000152d0       0x3c Core/Src/main.o
 .debug_macro   0x000000000001530c       0x34 Core/Src/main.o
 .debug_macro   0x0000000000015340       0x16 Core/Src/main.o
 .debug_macro   0x0000000000015356       0x35 Core/Src/main.o
 .debug_macro   0x000000000001538b      0x32a Core/Src/main.o
 .debug_macro   0x00000000000156b5       0x10 Core/Src/main.o
 .debug_macro   0x00000000000156c5       0x52 Core/Src/main.o
 .debug_macro   0x0000000000015717       0x1f Core/Src/main.o
 .debug_macro   0x0000000000015736       0x43 Core/Src/main.o
 .debug_macro   0x0000000000015779       0x20 Core/Src/main.o
 .debug_macro   0x0000000000015799      0x1a3 Core/Src/main.o
 .debug_macro   0x000000000001593c       0x10 Core/Src/main.o
 .debug_macro   0x000000000001594c       0x1c Core/Src/main.o
 .debug_macro   0x0000000000015968       0x52 Core/Src/main.o
 .debug_macro   0x00000000000159ba       0x40 Core/Src/main.o
 .debug_macro   0x00000000000159fa       0x10 Core/Src/main.o
 .debug_macro   0x0000000000015a0a       0x40 Core/Src/main.o
 .debug_macro   0x0000000000015a4a       0xd7 Core/Src/main.o
 .debug_macro   0x0000000000015b21       0x1c Core/Src/main.o
 .debug_macro   0x0000000000015b3d       0x3d Core/Src/main.o
 .debug_macro   0x0000000000015b7a       0x16 Core/Src/main.o
 .debug_macro   0x0000000000015b90      0x145 Core/Src/main.o
 .debug_macro   0x0000000000015cd5       0x16 Core/Src/main.o
 .debug_macro   0x0000000000015ceb       0x16 Core/Src/main.o
 .debug_macro   0x0000000000015d01       0x29 Core/Src/main.o
 .debug_macro   0x0000000000015d2a       0x16 Core/Src/main.o
 .debug_macro   0x0000000000015d40       0x20 Core/Src/main.o
 .debug_macro   0x0000000000015d60       0x60 Core/Src/main.o
 .debug_macro   0x0000000000015dc0      0x1c8 Core/Src/main.o
 .debug_macro   0x0000000000015f88       0x5e Core/Src/main.o
 .debug_macro   0x0000000000015fe6      0x1b7 Core/Src/stm32f1xx_hal_msp.o
 .debug_macro   0x000000000001619d      0x1c1 Core/Src/stm32f1xx_it.o
 .debug_macro   0x000000000001635e      0x1a8 Core/Src/system_stm32f1xx.o
 .debug_macro   0x0000000000016506      0x1cc Drivers/STM32F1xx_HAL_Driver/stm32f1xx_hal.o
 .debug_macro   0x00000000000166d2      0x1a8 Drivers/STM32F1xx_HAL_Driver/stm32f1xx_hal_cortex.o
 .debug_macro   0x000000000001687a      0x213 Drivers/STM32F1xx_HAL_Driver/stm32f1xx_hal_gpio.o
 .debug_macro   0x0000000000016a8d      0x1b4 Drivers/STM32F1xx_HAL_Driver/stm32f1xx_hal_pcd.o
 .debug_macro   0x0000000000016c41      0x1a8 Drivers/STM32F1xx_HAL_Driver/stm32f1xx_hal_pcd_ex.o
 .debug_macro   0x0000000000016de9      0x1ba Drivers/STM32F1xx_HAL_Driver/stm32f1xx_hal_rcc.o
 .debug_macro   0x0000000000016fa3      0x1a8 Drivers/STM32F1xx_HAL_Driver/stm32f1xx_hal_rcc_ex.o
 .debug_macro   0x000000000001714b      0x1a8 Drivers/STM32F1xx_HAL_Driver/stm32f1xx_ll_usb.o
 .debug_macro   0x00000000000172f3      0x3ab Middlewares/USB_Device_Library/usbd_core.o
 .debug_macro   0x000000000001769e       0x97 Middlewares/USB_Device_Library/usbd_core.o
 .debug_macro   0x0000000000017735       0xfd Middlewares/USB_Device_Library/usbd_core.o
 .debug_macro   0x0000000000017832       0xbd Middlewares/USB_Device_Library/usbd_core.o
 .debug_macro   0x00000000000178ef       0x56 Middlewares/USB_Device_Library/usbd_core.o
 .debug_macro   0x0000000000017945      0x1ce Middlewares/USB_Device_Library/usbd_core.o
 .debug_macro   0x0000000000017b13      0x3b5 Middlewares/USB_Device_Library/usbd_ctlreq.o
 .debug_macro   0x0000000000017ec8      0x3c4 Middlewares/USB_Device_Library/usbd_hid.o
 .debug_macro   0x000000000001828c      0x3b1 Middlewares/USB_Device_Library/usbd_ioreq.o
 .debug_macro   0x000000000001863d      0x3db USB_DEVICE/App/usb_device.o
 .debug_macro   0x0000000000018a18       0x52 USB_DEVICE/App/usb_device.o
 .debug_macro   0x0000000000018a6a       0x22 USB_DEVICE/App/usb_device.o
 .debug_macro   0x0000000000018a8c      0x3e8 USB_DEVICE/App/usbd_desc.o
 .debug_macro   0x0000000000018e74       0x1c USB_DEVICE/App/usbd_desc.o
 .debug_macro   0x0000000000018e90      0x3c8 USB_DEVICE/Target/usbd_conf.o

.debug_line     0x0000000000000000     0xcb60
 .debug_line    0x0000000000000000      0xb83 Core/Src/main.o
 .debug_line    0x0000000000000b83      0x756 Core/Src/stm32f1xx_hal_msp.o
 .debug_line    0x00000000000012d9      0x80b Core/Src/stm32f1xx_it.o
 .debug_line    0x0000000000001ae4      0x77d Core/Src/system_stm32f1xx.o
 .debug_line    0x0000000000002261       0x87 Core/Startup/startup_stm32f103c8tx.o
 .debug_line    0x00000000000022e8      0x968 Drivers/STM32F1xx_HAL_Driver/stm32f1xx_hal.o
 .debug_line    0x0000000000002c50      0xa3f Drivers/STM32F1xx_HAL_Driver/stm32f1xx_hal_cortex.o
 .debug_line    0x000000000000368f      0x964 Drivers/STM32F1xx_HAL_Driver/stm32f1xx_hal_gpio.o
 .debug_line    0x0000000000003ff3      0xe2d Drivers/STM32F1xx_HAL_Driver/stm32f1xx_hal_pcd.o
 .debug_line    0x0000000000004e20      0x7d9 Drivers/STM32F1xx_HAL_Driver/stm32f1xx_hal_pcd_ex.o
 .debug_line    0x00000000000055f9      0xa28 Drivers/STM32F1xx_HAL_Driver/stm32f1xx_hal_rcc.o
 .debug_line    0x0000000000006021      0x846 Drivers/STM32F1xx_HAL_Driver/stm32f1xx_hal_rcc_ex.o
 .debug_line    0x0000000000006867      0xe7e Drivers/STM32F1xx_HAL_Driver/stm32f1xx_ll_usb.o
 .debug_line    0x00000000000076e5      0xcb7 Middlewares/USB_Device_Library/usbd_core.o
 .debug_line    0x000000000000839c      0xd40 Middlewares/USB_Device_Library/usbd_ctlreq.o
 .debug_line    0x00000000000090dc      0xc1d Middlewares/USB_Device_Library/usbd_hid.o
 .debug_line    0x0000000000009cf9      0xb20 Middlewares/USB_Device_Library/usbd_ioreq.o
 .debug_line    0x000000000000a819      0xaef USB_DEVICE/App/usb_device.o
 .debug_line    0x000000000000b308      0xb1c USB_DEVICE/App/usbd_desc.o
 .debug_line    0x000000000000be24      0xd3c USB_DEVICE/Target/usbd_conf.o

.debug_str      0x0000000000000000    0x84dc5
 .debug_str     0x0000000000000000    0x82588 Core/Src/main.o
                                      0x829f3 (size before relaxing)
 .debug_str     0x0000000000082588       0x5a Core/Src/stm32f1xx_hal_msp.o
                                      0x7d63f (size before relaxing)
 .debug_str     0x00000000000825e2      0x3d9 Core/Src/stm32f1xx_it.o
                                      0x7d9e2 (size before relaxing)
 .debug_str     0x00000000000829bb       0x52 Core/Src/system_stm32f1xx.o
                                      0x7d52e (size before relaxing)
 .debug_str     0x0000000000082a0d       0x36 Core/Startup/startup_stm32f103c8tx.o
                                         0x71 (size before relaxing)
 .debug_str     0x0000000000082a43      0x596 Drivers/STM32F1xx_HAL_Driver/stm32f1xx_hal.o
                                      0x7dbf7 (size before relaxing)
 .debug_str     0x0000000000082fd9      0x310 Drivers/STM32F1xx_HAL_Driver/stm32f1xx_hal_cortex.o
                                      0x7dbff (size before relaxing)
 .debug_str     0x00000000000832e9      0x35c Drivers/STM32F1xx_HAL_Driver/stm32f1xx_hal_gpio.o
                                      0x7d92a (size before relaxing)
 .debug_str     0x0000000000083645      0x41d Drivers/STM32F1xx_HAL_Driver/stm32f1xx_hal_pcd.o
                                      0x7dcb9 (size before relaxing)
 .debug_str     0x0000000000083a62      0x1c5 Drivers/STM32F1xx_HAL_Driver/stm32f1xx_hal_pcd_ex.o
                                      0x7da06 (size before relaxing)
 .debug_str     0x0000000000083c27      0x287 Drivers/STM32F1xx_HAL_Driver/stm32f1xx_hal_rcc.o
                                      0x7d963 (size before relaxing)
 .debug_str     0x0000000000083eae       0xf1 Drivers/STM32F1xx_HAL_Driver/stm32f1xx_hal_rcc_ex.o
                                      0x7d6f0 (size before relaxing)
 .debug_str     0x0000000000083f9f      0x2e5 Drivers/STM32F1xx_HAL_Driver/stm32f1xx_ll_usb.o
                                      0x7da39 (size before relaxing)
 .debug_str     0x0000000000084284      0x228 Middlewares/USB_Device_Library/usbd_core.o
                                      0x82766 (size before relaxing)
 .debug_str     0x00000000000844ac      0x16c Middlewares/USB_Device_Library/usbd_ctlreq.o
                                      0x826ec (size before relaxing)
 .debug_str     0x0000000000084618      0x255 Middlewares/USB_Device_Library/usbd_hid.o
                                      0x8295d (size before relaxing)
 .debug_str     0x000000000008486d      0x101 Middlewares/USB_Device_Library/usbd_ioreq.o
                                      0x82674 (size before relaxing)
 .debug_str     0x000000000008496e       0xb5 USB_DEVICE/App/usb_device.o
                                      0x827a8 (size before relaxing)
 .debug_str     0x0000000000084a23      0x24e USB_DEVICE/App/usbd_desc.o
                                      0x8259d (size before relaxing)
 .debug_str     0x0000000000084c71      0x154 USB_DEVICE/Target/usbd_conf.o
                                      0x830f6 (size before relaxing)

.comment        0x0000000000000000       0x7b
 .comment       0x0000000000000000       0x7b Core/Src/main.o
                                         0x7c (size before relaxing)
 .comment       0x000000000000007b       0x7c Core/Src/stm32f1xx_hal_msp.o
 .comment       0x000000000000007b       0x7c Core/Src/stm32f1xx_it.o
 .comment       0x000000000000007b       0x7c Core/Src/system_stm32f1xx.o
 .comment       0x000000000000007b       0x7c Drivers/STM32F1xx_HAL_Driver/stm32f1xx_hal.o
 .comment       0x000000000000007b       0x7c Drivers/STM32F1xx_HAL_Driver/stm32f1xx_hal_cortex.o
 .comment       0x000000000000007b       0x7c Drivers/STM32F1xx_HAL_Driver/stm32f1xx_hal_gpio.o
 .comment       0x000000000000007b       0x7c Drivers/STM32F1xx_HAL_Driver/stm32f1xx_hal_pcd.o
 .comment       0x000000000000007b       0x7c Drivers/STM32F1xx_HAL_Driver/stm32f1xx_hal_pcd_ex.o
 .comment       0x000000000000007b       0x7c Drivers/STM32F1xx_HAL_Driver/stm32f1xx_hal_rcc.o
 .comment       0x000000000000007b       0x7c Drivers/STM32F1xx_HAL_Driver/stm32f1xx_hal_rcc_ex.o
 .comment       0x000000000000007b       0x7c Drivers/STM32F1xx_HAL_Driver/stm32f1xx_ll_usb.o
 .comment       0x000000000000007b       0x7c Middlewares/USB_Device_Library/usbd_core.o
 .comment       0x000000000000007b       0x7c Middlewares/USB_Device_Library/usbd_ctlreq.o
 .comment       0x000000000000007b       0x7c Middlewares/USB_Device_Library/usbd_hid.o
 .comment       0x000000000000007b       0x7c Middlewares/USB_Device_Library/usbd_ioreq.o
 .comment       0x000000000000007b       0x7c USB_DEVICE/App/usb_device.o
 .comment       0x000000000000007b       0x7c USB_DEVICE/App/usbd_desc.o
 .comment       0x000000000000007b       0x7c USB_DEVICE/Target/usbd_conf.o

.debug_frame    0x0000000000000000     0x2688
 .debug_frame   0x0000000000000000       0xe0 Core/Src/main.o
 .debug_frame   0x00000000000000e0       0x38 Core/Src/stm32f1xx_hal_msp.o
 .debug_frame   0x0000000000000118      0x128 Core/Src/stm32f1xx_it.o
 .debug_frame   0x0000000000000240       0x58 Core/Src/system_stm32f1xx.o
 .debug_frame   0x0000000000000298      0x334 Drivers/STM32F1xx_HAL_Driver/stm32f1xx_hal.o
 .debug_frame   0x00000000000005cc      0x428 Drivers/STM32F1xx_HAL_Driver/stm32f1xx_hal_cortex.o
 .debug_frame   0x00000000000009f4      0x14c Drivers/STM32F1xx_HAL_Driver/stm32f1xx_hal_gpio.o
 .debug_frame   0x0000000000000b40      0x578 Drivers/STM32F1xx_HAL_Driver/stm32f1xx_hal_pcd.o
 .debug_frame   0x00000000000010b8       0xb0 Drivers/STM32F1xx_HAL_Driver/stm32f1xx_hal_pcd_ex.o
 .debug_frame   0x0000000000001168      0x21c Drivers/STM32F1xx_HAL_Driver/stm32f1xx_hal_rcc.o
 .debug_frame   0x0000000000001384       0x84 Drivers/STM32F1xx_HAL_Driver/stm32f1xx_hal_rcc_ex.o
 .debug_frame   0x0000000000001408      0x450 Drivers/STM32F1xx_HAL_Driver/stm32f1xx_ll_usb.o
 .debug_frame   0x0000000000001858      0x300 Middlewares/USB_Device_Library/usbd_core.o
 .debug_frame   0x0000000000001b58      0x218 Middlewares/USB_Device_Library/usbd_ctlreq.o
 .debug_frame   0x0000000000001d70      0x190 Middlewares/USB_Device_Library/usbd_hid.o
 .debug_frame   0x0000000000001f00      0x10c Middlewares/USB_Device_Library/usbd_ioreq.o
 .debug_frame   0x000000000000200c       0x2c USB_DEVICE/App/usb_device.o
 .debug_frame   0x0000000000002038      0x160 USB_DEVICE/App/usbd_desc.o
 .debug_frame   0x0000000000002198      0x4a4 USB_DEVICE/Target/usbd_conf.o
 .debug_frame   0x000000000000263c       0x2c c:/st/stm32cubeide_1.0.0/stm32cubeide/plugins/com.st.stm32cube.ide.mcu.externaltools.gnu-tools-for-stm32.7-2018-q2-update.win32_1.0.0.201904181610/tools/bin/../lib/gcc/arm-none-eabi/7.3.1/../../../../arm-none-eabi/lib/thumb/v7-m\libc_nano.a(lib_a-init.o)
 .debug_frame   0x0000000000002668       0x20 c:/st/stm32cubeide_1.0.0/stm32cubeide/plugins/com.st.stm32cube.ide.mcu.externaltools.gnu-tools-for-stm32.7-2018-q2-update.win32_1.0.0.201904181610/tools/bin/../lib/gcc/arm-none-eabi/7.3.1/../../../../arm-none-eabi/lib/thumb/v7-m\libc_nano.a(lib_a-memset.o)
